leftImg8bit/test/dusseldorf/dusseldorf_000145_000019_leftImg8bit.png	gtFine/test/dusseldorf/dusseldorf_000145_000019_gtFine_labelIds.png
leftImg8bit/test/dusseldorf/dusseldorf_000012_000019_leftImg8bit.png	gtFine/test/dusseldorf/dusseldorf_000012_000019_gtFine_labelIds.png
leftImg8bit/test/dusseldorf/dusseldorf_000107_000019_leftImg8bit.png	gtFine/test/dusseldorf/dusseldorf_000107_000019_gtFine_labelIds.png
leftImg8bit/test/dusseldorf/dusseldorf_000210_000019_leftImg8bit.png	gtFine/test/dusseldorf/dusseldorf_000210_000019_gtFine_labelIds.png
leftImg8bit/test/dusseldorf/dusseldorf_000182_000019_leftImg8bit.png	gtFine/test/dusseldorf/dusseldorf_000182_000019_gtFine_labelIds.png
leftImg8bit/test/dusseldorf/dusseldorf_000151_000019_leftImg8bit.png	gtFine/test/dusseldorf/dusseldorf_000151_000019_gtFine_labelIds.png
leftImg8bit/test/dusseldorf/dusseldorf_000139_000019_leftImg8bit.png	gtFine/test/dusseldorf/dusseldorf_000139_000019_gtFine_labelIds.png
leftImg8bit/test/dusseldorf/dusseldorf_000055_000019_leftImg8bit.png	gtFine/test/dusseldorf/dusseldorf_000055_000019_gtFine_labelIds.png
leftImg8bit/test/dusseldorf/dusseldorf_000199_000019_leftImg8bit.png	gtFine/test/dusseldorf/dusseldorf_000199_000019_gtFine_labelIds.png
leftImg8bit/test/dusseldorf/dusseldorf_000051_000019_leftImg8bit.png	gtFine/test/dusseldorf/dusseldorf_000051_000019_gtFine_labelIds.png
leftImg8bit/test/dusseldorf/dusseldorf_000085_000019_leftImg8bit.png	gtFine/test/dusseldorf/dusseldorf_000085_000019_gtFine_labelIds.png
leftImg8bit/test/dusseldorf/dusseldorf_000120_000019_leftImg8bit.png	gtFine/test/dusseldorf/dusseldorf_000120_000019_gtFine_labelIds.png
leftImg8bit/test/dusseldorf/dusseldorf_000099_000019_leftImg8bit.png	gtFine/test/dusseldorf/dusseldorf_000099_000019_gtFine_labelIds.png
leftImg8bit/test/dusseldorf/dusseldorf_000123_000019_leftImg8bit.png	gtFine/test/dusseldorf/dusseldorf_000123_000019_gtFine_labelIds.png
leftImg8bit/test/dusseldorf/dusseldorf_000127_000019_leftImg8bit.png	gtFine/test/dusseldorf/dusseldorf_000127_000019_gtFine_labelIds.png
leftImg8bit/test/dusseldorf/dusseldorf_000165_000019_leftImg8bit.png	gtFine/test/dusseldorf/dusseldorf_000165_000019_gtFine_labelIds.png
leftImg8bit/test/dusseldorf/dusseldorf_000021_000019_leftImg8bit.png	gtFine/test/dusseldorf/dusseldorf_000021_000019_gtFine_labelIds.png
leftImg8bit/test/dusseldorf/dusseldorf_000089_000019_leftImg8bit.png	gtFine/test/dusseldorf/dusseldorf_000089_000019_gtFine_labelIds.png
leftImg8bit/test/bremen/bremen_000083_000019_leftImg8bit.png	gtFine/test/bremen/bremen_000083_000019_gtFine_labelIds.png
leftImg8bit/test/bremen/bremen_000166_000019_leftImg8bit.png	gtFine/test/bremen/bremen_000166_000019_gtFine_labelIds.png
leftImg8bit/test/bremen/bremen_000001_000019_leftImg8bit.png	gtFine/test/bremen/bremen_000001_000019_gtFine_labelIds.png
leftImg8bit/test/bremen/bremen_000046_000019_leftImg8bit.png	gtFine/test/bremen/bremen_000046_000019_gtFine_labelIds.png
leftImg8bit/test/bremen/bremen_000008_000019_leftImg8bit.png	gtFine/test/bremen/bremen_000008_000019_gtFine_labelIds.png
leftImg8bit/test/bremen/bremen_000097_000019_leftImg8bit.png	gtFine/test/bremen/bremen_000097_000019_gtFine_labelIds.png
leftImg8bit/test/bremen/bremen_000162_000019_leftImg8bit.png	gtFine/test/bremen/bremen_000162_000019_gtFine_labelIds.png
leftImg8bit/test/bremen/bremen_000030_000019_leftImg8bit.png	gtFine/test/bremen/bremen_000030_000019_gtFine_labelIds.png
leftImg8bit/test/bremen/bremen_000302_000019_leftImg8bit.png	gtFine/test/bremen/bremen_000302_000019_gtFine_labelIds.png
leftImg8bit/test/bremen/bremen_000300_000019_leftImg8bit.png	gtFine/test/bremen/bremen_000300_000019_gtFine_labelIds.png
leftImg8bit/test/bremen/bremen_000294_000019_leftImg8bit.png	gtFine/test/bremen/bremen_000294_000019_gtFine_labelIds.png
leftImg8bit/test/bremen/bremen_000230_000019_leftImg8bit.png	gtFine/test/bremen/bremen_000230_000019_gtFine_labelIds.png
leftImg8bit/test/bremen/bremen_000243_000019_leftImg8bit.png	gtFine/test/bremen/bremen_000243_000019_gtFine_labelIds.png
leftImg8bit/test/bremen/bremen_000129_000019_leftImg8bit.png	gtFine/test/bremen/bremen_000129_000019_gtFine_labelIds.png
leftImg8bit/test/bremen/bremen_000269_000019_leftImg8bit.png	gtFine/test/bremen/bremen_000269_000019_gtFine_labelIds.png
leftImg8bit/test/bremen/bremen_000228_000019_leftImg8bit.png	gtFine/test/bremen/bremen_000228_000019_gtFine_labelIds.png
leftImg8bit/test/bremen/bremen_000065_000019_leftImg8bit.png	gtFine/test/bremen/bremen_000065_000019_gtFine_labelIds.png
leftImg8bit/test/bremen/bremen_000313_000019_leftImg8bit.png	gtFine/test/bremen/bremen_000313_000019_gtFine_labelIds.png
leftImg8bit/test/bremen/bremen_000150_000019_leftImg8bit.png	gtFine/test/bremen/bremen_000150_000019_gtFine_labelIds.png
leftImg8bit/test/bremen/bremen_000071_000019_leftImg8bit.png	gtFine/test/bremen/bremen_000071_000019_gtFine_labelIds.png
leftImg8bit/test/bremen/bremen_000033_000019_leftImg8bit.png	gtFine/test/bremen/bremen_000033_000019_gtFine_labelIds.png
leftImg8bit/test/bremen/bremen_000137_000019_leftImg8bit.png	gtFine/test/bremen/bremen_000137_000019_gtFine_labelIds.png
leftImg8bit/test/bremen/bremen_000024_000019_leftImg8bit.png	gtFine/test/bremen/bremen_000024_000019_gtFine_labelIds.png
leftImg8bit/test/bremen/bremen_000270_000019_leftImg8bit.png	gtFine/test/bremen/bremen_000270_000019_gtFine_labelIds.png
leftImg8bit/test/bremen/bremen_000216_000019_leftImg8bit.png	gtFine/test/bremen/bremen_000216_000019_gtFine_labelIds.png
leftImg8bit/test/bremen/bremen_000074_000019_leftImg8bit.png	gtFine/test/bremen/bremen_000074_000019_gtFine_labelIds.png
leftImg8bit/test/bremen/bremen_000235_000019_leftImg8bit.png	gtFine/test/bremen/bremen_000235_000019_gtFine_labelIds.png
leftImg8bit/test/bremen/bremen_000144_000019_leftImg8bit.png	gtFine/test/bremen/bremen_000144_000019_gtFine_labelIds.png
leftImg8bit/test/bremen/bremen_000161_000019_leftImg8bit.png	gtFine/test/bremen/bremen_000161_000019_gtFine_labelIds.png
leftImg8bit/test/bremen/bremen_000082_000019_leftImg8bit.png	gtFine/test/bremen/bremen_000082_000019_gtFine_labelIds.png
leftImg8bit/test/bremen/bremen_000035_000019_leftImg8bit.png	gtFine/test/bremen/bremen_000035_000019_gtFine_labelIds.png
leftImg8bit/test/bremen/bremen_000283_000019_leftImg8bit.png	gtFine/test/bremen/bremen_000283_000019_gtFine_labelIds.png
leftImg8bit/test/bremen/bremen_000042_000019_leftImg8bit.png	gtFine/test/bremen/bremen_000042_000019_gtFine_labelIds.png
leftImg8bit/test/bremen/bremen_000213_000019_leftImg8bit.png	gtFine/test/bremen/bremen_000213_000019_gtFine_labelIds.png
leftImg8bit/test/bremen/bremen_000194_000019_leftImg8bit.png	gtFine/test/bremen/bremen_000194_000019_gtFine_labelIds.png
leftImg8bit/test/bremen/bremen_000236_000019_leftImg8bit.png	gtFine/test/bremen/bremen_000236_000019_gtFine_labelIds.png
leftImg8bit/test/stuttgart/stuttgart_000019_000019_leftImg8bit.png	gtFine/test/stuttgart/stuttgart_000019_000019_gtFine_labelIds.png
leftImg8bit/test/stuttgart/stuttgart_000055_000019_leftImg8bit.png	gtFine/test/stuttgart/stuttgart_000055_000019_gtFine_labelIds.png
leftImg8bit/test/stuttgart/stuttgart_000089_000019_leftImg8bit.png	gtFine/test/stuttgart/stuttgart_000089_000019_gtFine_labelIds.png
leftImg8bit/test/stuttgart/stuttgart_000068_000019_leftImg8bit.png	gtFine/test/stuttgart/stuttgart_000068_000019_gtFine_labelIds.png
leftImg8bit/test/stuttgart/stuttgart_000032_000019_leftImg8bit.png	gtFine/test/stuttgart/stuttgart_000032_000019_gtFine_labelIds.png
leftImg8bit/test/stuttgart/stuttgart_000130_000019_leftImg8bit.png	gtFine/test/stuttgart/stuttgart_000130_000019_gtFine_labelIds.png
leftImg8bit/test/stuttgart/stuttgart_000113_000019_leftImg8bit.png	gtFine/test/stuttgart/stuttgart_000113_000019_gtFine_labelIds.png
leftImg8bit/test/stuttgart/stuttgart_000105_000019_leftImg8bit.png	gtFine/test/stuttgart/stuttgart_000105_000019_gtFine_labelIds.png
leftImg8bit/test/stuttgart/stuttgart_000165_000019_leftImg8bit.png	gtFine/test/stuttgart/stuttgart_000165_000019_gtFine_labelIds.png
leftImg8bit/test/stuttgart/stuttgart_000093_000019_leftImg8bit.png	gtFine/test/stuttgart/stuttgart_000093_000019_gtFine_labelIds.png
leftImg8bit/test/stuttgart/stuttgart_000097_000019_leftImg8bit.png	gtFine/test/stuttgart/stuttgart_000097_000019_gtFine_labelIds.png
leftImg8bit/test/stuttgart/stuttgart_000090_000019_leftImg8bit.png	gtFine/test/stuttgart/stuttgart_000090_000019_gtFine_labelIds.png
leftImg8bit/test/stuttgart/stuttgart_000029_000019_leftImg8bit.png	gtFine/test/stuttgart/stuttgart_000029_000019_gtFine_labelIds.png
leftImg8bit/test/stuttgart/stuttgart_000022_000019_leftImg8bit.png	gtFine/test/stuttgart/stuttgart_000022_000019_gtFine_labelIds.png
leftImg8bit/test/stuttgart/stuttgart_000102_000019_leftImg8bit.png	gtFine/test/stuttgart/stuttgart_000102_000019_gtFine_labelIds.png
leftImg8bit/test/stuttgart/stuttgart_000144_000019_leftImg8bit.png	gtFine/test/stuttgart/stuttgart_000144_000019_gtFine_labelIds.png
leftImg8bit/test/stuttgart/stuttgart_000009_000019_leftImg8bit.png	gtFine/test/stuttgart/stuttgart_000009_000019_gtFine_labelIds.png
leftImg8bit/test/stuttgart/stuttgart_000122_000019_leftImg8bit.png	gtFine/test/stuttgart/stuttgart_000122_000019_gtFine_labelIds.png
leftImg8bit/test/stuttgart/stuttgart_000049_000019_leftImg8bit.png	gtFine/test/stuttgart/stuttgart_000049_000019_gtFine_labelIds.png
leftImg8bit/test/stuttgart/stuttgart_000081_000019_leftImg8bit.png	gtFine/test/stuttgart/stuttgart_000081_000019_gtFine_labelIds.png
leftImg8bit/test/stuttgart/stuttgart_000027_000019_leftImg8bit.png	gtFine/test/stuttgart/stuttgart_000027_000019_gtFine_labelIds.png
leftImg8bit/test/stuttgart/stuttgart_000133_000019_leftImg8bit.png	gtFine/test/stuttgart/stuttgart_000133_000019_gtFine_labelIds.png
leftImg8bit/test/stuttgart/stuttgart_000047_000019_leftImg8bit.png	gtFine/test/stuttgart/stuttgart_000047_000019_gtFine_labelIds.png
leftImg8bit/test/stuttgart/stuttgart_000034_000019_leftImg8bit.png	gtFine/test/stuttgart/stuttgart_000034_000019_gtFine_labelIds.png
leftImg8bit/test/stuttgart/stuttgart_000095_000019_leftImg8bit.png	gtFine/test/stuttgart/stuttgart_000095_000019_gtFine_labelIds.png
leftImg8bit/test/stuttgart/stuttgart_000015_000019_leftImg8bit.png	gtFine/test/stuttgart/stuttgart_000015_000019_gtFine_labelIds.png
leftImg8bit/test/stuttgart/stuttgart_000038_000019_leftImg8bit.png	gtFine/test/stuttgart/stuttgart_000038_000019_gtFine_labelIds.png
leftImg8bit/test/strasbourg/strasbourg_000001_037090_leftImg8bit.png	gtFine/test/strasbourg/strasbourg_000001_037090_gtFine_labelIds.png
leftImg8bit/test/strasbourg/strasbourg_000001_038281_leftImg8bit.png	gtFine/test/strasbourg/strasbourg_000001_038281_gtFine_labelIds.png
leftImg8bit/test/strasbourg/strasbourg_000000_019891_leftImg8bit.png	gtFine/test/strasbourg/strasbourg_000000_019891_gtFine_labelIds.png
leftImg8bit/test/strasbourg/strasbourg_000001_062691_leftImg8bit.png	gtFine/test/strasbourg/strasbourg_000001_062691_gtFine_labelIds.png
leftImg8bit/test/strasbourg/strasbourg_000001_052979_leftImg8bit.png	gtFine/test/strasbourg/strasbourg_000001_052979_gtFine_labelIds.png
leftImg8bit/test/strasbourg/strasbourg_000001_047955_leftImg8bit.png	gtFine/test/strasbourg/strasbourg_000001_047955_gtFine_labelIds.png
leftImg8bit/test/strasbourg/strasbourg_000000_018874_leftImg8bit.png	gtFine/test/strasbourg/strasbourg_000000_018874_gtFine_labelIds.png
leftImg8bit/test/strasbourg/strasbourg_000000_013574_leftImg8bit.png	gtFine/test/strasbourg/strasbourg_000000_013574_gtFine_labelIds.png
leftImg8bit/test/strasbourg/strasbourg_000001_057129_leftImg8bit.png	gtFine/test/strasbourg/strasbourg_000001_057129_gtFine_labelIds.png
leftImg8bit/test/strasbourg/strasbourg_000001_006562_leftImg8bit.png	gtFine/test/strasbourg/strasbourg_000001_006562_gtFine_labelIds.png
leftImg8bit/test/strasbourg/strasbourg_000001_061472_leftImg8bit.png	gtFine/test/strasbourg/strasbourg_000001_061472_gtFine_labelIds.png
leftImg8bit/test/strasbourg/strasbourg_000000_005995_leftImg8bit.png	gtFine/test/strasbourg/strasbourg_000000_005995_gtFine_labelIds.png
leftImg8bit/test/strasbourg/strasbourg_000000_007727_leftImg8bit.png	gtFine/test/strasbourg/strasbourg_000000_007727_gtFine_labelIds.png
leftImg8bit/test/strasbourg/strasbourg_000001_000778_leftImg8bit.png	gtFine/test/strasbourg/strasbourg_000001_000778_gtFine_labelIds.png
leftImg8bit/test/strasbourg/strasbourg_000001_039231_leftImg8bit.png	gtFine/test/strasbourg/strasbourg_000001_039231_gtFine_labelIds.png
leftImg8bit/test/strasbourg/strasbourg_000001_024152_leftImg8bit.png	gtFine/test/strasbourg/strasbourg_000001_024152_gtFine_labelIds.png
leftImg8bit/test/strasbourg/strasbourg_000001_061285_leftImg8bit.png	gtFine/test/strasbourg/strasbourg_000001_061285_gtFine_labelIds.png
leftImg8bit/test/strasbourg/strasbourg_000000_029915_leftImg8bit.png	gtFine/test/strasbourg/strasbourg_000000_029915_gtFine_labelIds.png
leftImg8bit/test/strasbourg/strasbourg_000000_029729_leftImg8bit.png	gtFine/test/strasbourg/strasbourg_000000_029729_gtFine_labelIds.png
leftImg8bit/test/strasbourg/strasbourg_000001_023515_leftImg8bit.png	gtFine/test/strasbourg/strasbourg_000001_023515_gtFine_labelIds.png
leftImg8bit/test/strasbourg/strasbourg_000000_013322_leftImg8bit.png	gtFine/test/strasbourg/strasbourg_000000_013322_gtFine_labelIds.png
leftImg8bit/test/strasbourg/strasbourg_000001_016253_leftImg8bit.png	gtFine/test/strasbourg/strasbourg_000001_016253_gtFine_labelIds.png
leftImg8bit/test/strasbourg/strasbourg_000000_014503_leftImg8bit.png	gtFine/test/strasbourg/strasbourg_000000_014503_gtFine_labelIds.png
leftImg8bit/test/strasbourg/strasbourg_000001_053976_leftImg8bit.png	gtFine/test/strasbourg/strasbourg_000001_053976_gtFine_labelIds.png
leftImg8bit/test/strasbourg/strasbourg_000000_004248_leftImg8bit.png	gtFine/test/strasbourg/strasbourg_000000_004248_gtFine_labelIds.png
leftImg8bit/test/strasbourg/strasbourg_000000_028822_leftImg8bit.png	gtFine/test/strasbourg/strasbourg_000000_028822_gtFine_labelIds.png
leftImg8bit/test/strasbourg/strasbourg_000000_004951_leftImg8bit.png	gtFine/test/strasbourg/strasbourg_000000_004951_gtFine_labelIds.png
leftImg8bit/test/strasbourg/strasbourg_000000_006995_leftImg8bit.png	gtFine/test/strasbourg/strasbourg_000000_006995_gtFine_labelIds.png
leftImg8bit/test/strasbourg/strasbourg_000001_052430_leftImg8bit.png	gtFine/test/strasbourg/strasbourg_000001_052430_gtFine_labelIds.png
leftImg8bit/test/monchengladbach/monchengladbach_000000_010505_leftImg8bit.png	gtFine/test/monchengladbach/monchengladbach_000000_010505_gtFine_labelIds.png
leftImg8bit/test/monchengladbach/monchengladbach_000001_000168_leftImg8bit.png	gtFine/test/monchengladbach/monchengladbach_000001_000168_gtFine_labelIds.png
leftImg8bit/test/monchengladbach/monchengladbach_000000_028883_leftImg8bit.png	gtFine/test/monchengladbach/monchengladbach_000000_028883_gtFine_labelIds.png
leftImg8bit/test/monchengladbach/monchengladbach_000000_013228_leftImg8bit.png	gtFine/test/monchengladbach/monchengladbach_000000_013228_gtFine_labelIds.png
leftImg8bit/test/monchengladbach/monchengladbach_000000_023052_leftImg8bit.png	gtFine/test/monchengladbach/monchengladbach_000000_023052_gtFine_labelIds.png
leftImg8bit/test/monchengladbach/monchengladbach_000000_009930_leftImg8bit.png	gtFine/test/monchengladbach/monchengladbach_000000_009930_gtFine_labelIds.png
leftImg8bit/test/monchengladbach/monchengladbach_000000_025215_leftImg8bit.png	gtFine/test/monchengladbach/monchengladbach_000000_025215_gtFine_labelIds.png
leftImg8bit/test/monchengladbach/monchengladbach_000000_024964_leftImg8bit.png	gtFine/test/monchengladbach/monchengladbach_000000_024964_gtFine_labelIds.png
leftImg8bit/test/monchengladbach/monchengladbach_000000_019901_leftImg8bit.png	gtFine/test/monchengladbach/monchengladbach_000000_019901_gtFine_labelIds.png
leftImg8bit/test/weimar/weimar_000071_000019_leftImg8bit.png	gtFine/test/weimar/weimar_000071_000019_gtFine_labelIds.png
leftImg8bit/test/weimar/weimar_000055_000019_leftImg8bit.png	gtFine/test/weimar/weimar_000055_000019_gtFine_labelIds.png
leftImg8bit/test/weimar/weimar_000008_000019_leftImg8bit.png	gtFine/test/weimar/weimar_000008_000019_gtFine_labelIds.png
leftImg8bit/test/weimar/weimar_000096_000019_leftImg8bit.png	gtFine/test/weimar/weimar_000096_000019_gtFine_labelIds.png
leftImg8bit/test/weimar/weimar_000003_000019_leftImg8bit.png	gtFine/test/weimar/weimar_000003_000019_gtFine_labelIds.png
leftImg8bit/test/weimar/weimar_000005_000019_leftImg8bit.png	gtFine/test/weimar/weimar_000005_000019_gtFine_labelIds.png
leftImg8bit/test/weimar/weimar_000108_000019_leftImg8bit.png	gtFine/test/weimar/weimar_000108_000019_gtFine_labelIds.png
leftImg8bit/test/weimar/weimar_000023_000019_leftImg8bit.png	gtFine/test/weimar/weimar_000023_000019_gtFine_labelIds.png
leftImg8bit/test/weimar/weimar_000087_000019_leftImg8bit.png	gtFine/test/weimar/weimar_000087_000019_gtFine_labelIds.png
leftImg8bit/test/weimar/weimar_000044_000019_leftImg8bit.png	gtFine/test/weimar/weimar_000044_000019_gtFine_labelIds.png
leftImg8bit/test/weimar/weimar_000053_000019_leftImg8bit.png	gtFine/test/weimar/weimar_000053_000019_gtFine_labelIds.png
leftImg8bit/test/weimar/weimar_000086_000019_leftImg8bit.png	gtFine/test/weimar/weimar_000086_000019_gtFine_labelIds.png
leftImg8bit/test/weimar/weimar_000139_000019_leftImg8bit.png	gtFine/test/weimar/weimar_000139_000019_gtFine_labelIds.png
leftImg8bit/test/weimar/weimar_000084_000019_leftImg8bit.png	gtFine/test/weimar/weimar_000084_000019_gtFine_labelIds.png
leftImg8bit/test/weimar/weimar_000031_000019_leftImg8bit.png	gtFine/test/weimar/weimar_000031_000019_gtFine_labelIds.png
leftImg8bit/test/weimar/weimar_000090_000019_leftImg8bit.png	gtFine/test/weimar/weimar_000090_000019_gtFine_labelIds.png
leftImg8bit/test/hanover/hanover_000000_019938_leftImg8bit.png	gtFine/test/hanover/hanover_000000_019938_gtFine_labelIds.png
leftImg8bit/test/hanover/hanover_000000_046732_leftImg8bit.png	gtFine/test/hanover/hanover_000000_046732_gtFine_labelIds.png
leftImg8bit/test/hanover/hanover_000000_003411_leftImg8bit.png	gtFine/test/hanover/hanover_000000_003411_gtFine_labelIds.png
leftImg8bit/test/hanover/hanover_000000_034141_leftImg8bit.png	gtFine/test/hanover/hanover_000000_034141_gtFine_labelIds.png
leftImg8bit/test/hanover/hanover_000000_058189_leftImg8bit.png	gtFine/test/hanover/hanover_000000_058189_gtFine_labelIds.png
leftImg8bit/test/hanover/hanover_000000_050228_leftImg8bit.png	gtFine/test/hanover/hanover_000000_050228_gtFine_labelIds.png
leftImg8bit/test/hanover/hanover_000000_017041_leftImg8bit.png	gtFine/test/hanover/hanover_000000_017041_gtFine_labelIds.png
leftImg8bit/test/hanover/hanover_000000_008017_leftImg8bit.png	gtFine/test/hanover/hanover_000000_008017_gtFine_labelIds.png
leftImg8bit/test/hanover/hanover_000000_047870_leftImg8bit.png	gtFine/test/hanover/hanover_000000_047870_gtFine_labelIds.png
leftImg8bit/test/hanover/hanover_000000_052013_leftImg8bit.png	gtFine/test/hanover/hanover_000000_052013_gtFine_labelIds.png
leftImg8bit/test/hanover/hanover_000000_007342_leftImg8bit.png	gtFine/test/hanover/hanover_000000_007342_gtFine_labelIds.png
leftImg8bit/test/hanover/hanover_000000_046398_leftImg8bit.png	gtFine/test/hanover/hanover_000000_046398_gtFine_labelIds.png
leftImg8bit/test/hanover/hanover_000000_054965_leftImg8bit.png	gtFine/test/hanover/hanover_000000_054965_gtFine_labelIds.png
leftImg8bit/test/hanover/hanover_000000_003224_leftImg8bit.png	gtFine/test/hanover/hanover_000000_003224_gtFine_labelIds.png
leftImg8bit/test/hanover/hanover_000000_030889_leftImg8bit.png	gtFine/test/hanover/hanover_000000_030889_gtFine_labelIds.png
leftImg8bit/test/hanover/hanover_000000_015587_leftImg8bit.png	gtFine/test/hanover/hanover_000000_015587_gtFine_labelIds.png
leftImg8bit/test/hanover/hanover_000000_023975_leftImg8bit.png	gtFine/test/hanover/hanover_000000_023975_gtFine_labelIds.png
leftImg8bit/test/tubingen/tubingen_000032_000019_leftImg8bit.png	gtFine/test/tubingen/tubingen_000032_000019_gtFine_labelIds.png
leftImg8bit/test/tubingen/tubingen_000014_000019_leftImg8bit.png	gtFine/test/tubingen/tubingen_000014_000019_gtFine_labelIds.png
leftImg8bit/test/tubingen/tubingen_000027_000019_leftImg8bit.png	gtFine/test/tubingen/tubingen_000027_000019_gtFine_labelIds.png
leftImg8bit/test/tubingen/tubingen_000134_000019_leftImg8bit.png	gtFine/test/tubingen/tubingen_000134_000019_gtFine_labelIds.png
leftImg8bit/test/tubingen/tubingen_000108_000019_leftImg8bit.png	gtFine/test/tubingen/tubingen_000108_000019_gtFine_labelIds.png
leftImg8bit/test/tubingen/tubingen_000098_000019_leftImg8bit.png	gtFine/test/tubingen/tubingen_000098_000019_gtFine_labelIds.png
leftImg8bit/test/tubingen/tubingen_000011_000019_leftImg8bit.png	gtFine/test/tubingen/tubingen_000011_000019_gtFine_labelIds.png
leftImg8bit/test/tubingen/tubingen_000020_000019_leftImg8bit.png	gtFine/test/tubingen/tubingen_000020_000019_gtFine_labelIds.png
leftImg8bit/test/tubingen/tubingen_000046_000019_leftImg8bit.png	gtFine/test/tubingen/tubingen_000046_000019_gtFine_labelIds.png
leftImg8bit/test/tubingen/tubingen_000025_000019_leftImg8bit.png	gtFine/test/tubingen/tubingen_000025_000019_gtFine_labelIds.png
leftImg8bit/test/tubingen/tubingen_000050_000019_leftImg8bit.png	gtFine/test/tubingen/tubingen_000050_000019_gtFine_labelIds.png
leftImg8bit/test/tubingen/tubingen_000056_000019_leftImg8bit.png	gtFine/test/tubingen/tubingen_000056_000019_gtFine_labelIds.png
leftImg8bit/test/tubingen/tubingen_000049_000019_leftImg8bit.png	gtFine/test/tubingen/tubingen_000049_000019_gtFine_labelIds.png
leftImg8bit/test/tubingen/tubingen_000139_000019_leftImg8bit.png	gtFine/test/tubingen/tubingen_000139_000019_gtFine_labelIds.png
leftImg8bit/test/tubingen/tubingen_000039_000019_leftImg8bit.png	gtFine/test/tubingen/tubingen_000039_000019_gtFine_labelIds.png
leftImg8bit/test/tubingen/tubingen_000090_000019_leftImg8bit.png	gtFine/test/tubingen/tubingen_000090_000019_gtFine_labelIds.png
leftImg8bit/test/tubingen/tubingen_000064_000019_leftImg8bit.png	gtFine/test/tubingen/tubingen_000064_000019_gtFine_labelIds.png
leftImg8bit/test/tubingen/tubingen_000094_000019_leftImg8bit.png	gtFine/test/tubingen/tubingen_000094_000019_gtFine_labelIds.png
leftImg8bit/test/tubingen/tubingen_000097_000019_leftImg8bit.png	gtFine/test/tubingen/tubingen_000097_000019_gtFine_labelIds.png
leftImg8bit/test/tubingen/tubingen_000136_000019_leftImg8bit.png	gtFine/test/tubingen/tubingen_000136_000019_gtFine_labelIds.png
leftImg8bit/test/tubingen/tubingen_000113_000019_leftImg8bit.png	gtFine/test/tubingen/tubingen_000113_000019_gtFine_labelIds.png
leftImg8bit/test/hamburg/hamburg_000000_093572_leftImg8bit.png	gtFine/test/hamburg/hamburg_000000_093572_gtFine_labelIds.png
leftImg8bit/test/hamburg/hamburg_000000_088939_leftImg8bit.png	gtFine/test/hamburg/hamburg_000000_088939_gtFine_labelIds.png
leftImg8bit/test/hamburg/hamburg_000000_002095_leftImg8bit.png	gtFine/test/hamburg/hamburg_000000_002095_gtFine_labelIds.png
leftImg8bit/test/hamburg/hamburg_000000_048494_leftImg8bit.png	gtFine/test/hamburg/hamburg_000000_048494_gtFine_labelIds.png
leftImg8bit/test/hamburg/hamburg_000000_098862_leftImg8bit.png	gtFine/test/hamburg/hamburg_000000_098862_gtFine_labelIds.png
leftImg8bit/test/hamburg/hamburg_000000_038446_leftImg8bit.png	gtFine/test/hamburg/hamburg_000000_038446_gtFine_labelIds.png
leftImg8bit/test/hamburg/hamburg_000000_044996_leftImg8bit.png	gtFine/test/hamburg/hamburg_000000_044996_gtFine_labelIds.png
leftImg8bit/test/hamburg/hamburg_000000_092850_leftImg8bit.png	gtFine/test/hamburg/hamburg_000000_092850_gtFine_labelIds.png
leftImg8bit/test/hamburg/hamburg_000000_064825_leftImg8bit.png	gtFine/test/hamburg/hamburg_000000_064825_gtFine_labelIds.png
leftImg8bit/test/hamburg/hamburg_000000_027304_leftImg8bit.png	gtFine/test/hamburg/hamburg_000000_027304_gtFine_labelIds.png
leftImg8bit/test/hamburg/hamburg_000000_031971_leftImg8bit.png	gtFine/test/hamburg/hamburg_000000_031971_gtFine_labelIds.png
leftImg8bit/test/hamburg/hamburg_000000_078842_leftImg8bit.png	gtFine/test/hamburg/hamburg_000000_078842_gtFine_labelIds.png
leftImg8bit/test/hamburg/hamburg_000000_047390_leftImg8bit.png	gtFine/test/hamburg/hamburg_000000_047390_gtFine_labelIds.png
leftImg8bit/test/hamburg/hamburg_000000_106102_leftImg8bit.png	gtFine/test/hamburg/hamburg_000000_106102_gtFine_labelIds.png
leftImg8bit/test/hamburg/hamburg_000000_092476_leftImg8bit.png	gtFine/test/hamburg/hamburg_000000_092476_gtFine_labelIds.png
leftImg8bit/test/hamburg/hamburg_000000_059720_leftImg8bit.png	gtFine/test/hamburg/hamburg_000000_059720_gtFine_labelIds.png
leftImg8bit/test/hamburg/hamburg_000000_105123_leftImg8bit.png	gtFine/test/hamburg/hamburg_000000_105123_gtFine_labelIds.png
leftImg8bit/test/hamburg/hamburg_000000_019892_leftImg8bit.png	gtFine/test/hamburg/hamburg_000000_019892_gtFine_labelIds.png
leftImg8bit/test/hamburg/hamburg_000000_055894_leftImg8bit.png	gtFine/test/hamburg/hamburg_000000_055894_gtFine_labelIds.png
leftImg8bit/test/hamburg/hamburg_000000_046566_leftImg8bit.png	gtFine/test/hamburg/hamburg_000000_046566_gtFine_labelIds.png
leftImg8bit/test/hamburg/hamburg_000000_101724_leftImg8bit.png	gtFine/test/hamburg/hamburg_000000_101724_gtFine_labelIds.png
leftImg8bit/test/cologne/cologne_000072_000019_leftImg8bit.png	gtFine/test/cologne/cologne_000072_000019_gtFine_labelIds.png
leftImg8bit/test/cologne/cologne_000006_000019_leftImg8bit.png	gtFine/test/cologne/cologne_000006_000019_gtFine_labelIds.png
leftImg8bit/test/cologne/cologne_000030_000019_leftImg8bit.png	gtFine/test/cologne/cologne_000030_000019_gtFine_labelIds.png
leftImg8bit/test/cologne/cologne_000015_000019_leftImg8bit.png	gtFine/test/cologne/cologne_000015_000019_gtFine_labelIds.png
leftImg8bit/test/cologne/cologne_000101_000019_leftImg8bit.png	gtFine/test/cologne/cologne_000101_000019_gtFine_labelIds.png
leftImg8bit/test/cologne/cologne_000106_000019_leftImg8bit.png	gtFine/test/cologne/cologne_000106_000019_gtFine_labelIds.png
leftImg8bit/test/cologne/cologne_000125_000019_leftImg8bit.png	gtFine/test/cologne/cologne_000125_000019_gtFine_labelIds.png
leftImg8bit/test/cologne/cologne_000020_000019_leftImg8bit.png	gtFine/test/cologne/cologne_000020_000019_gtFine_labelIds.png
leftImg8bit/test/jena/jena_000076_000019_leftImg8bit.png	gtFine/test/jena/jena_000076_000019_gtFine_labelIds.png
leftImg8bit/test/jena/jena_000085_000019_leftImg8bit.png	gtFine/test/jena/jena_000085_000019_gtFine_labelIds.png
leftImg8bit/test/jena/jena_000016_000019_leftImg8bit.png	gtFine/test/jena/jena_000016_000019_gtFine_labelIds.png
leftImg8bit/test/jena/jena_000043_000019_leftImg8bit.png	gtFine/test/jena/jena_000043_000019_gtFine_labelIds.png
leftImg8bit/test/jena/jena_000005_000019_leftImg8bit.png	gtFine/test/jena/jena_000005_000019_gtFine_labelIds.png
leftImg8bit/test/jena/jena_000069_000019_leftImg8bit.png	gtFine/test/jena/jena_000069_000019_gtFine_labelIds.png
leftImg8bit/test/jena/jena_000052_000019_leftImg8bit.png	gtFine/test/jena/jena_000052_000019_gtFine_labelIds.png
leftImg8bit/test/jena/jena_000038_000019_leftImg8bit.png	gtFine/test/jena/jena_000038_000019_gtFine_labelIds.png
leftImg8bit/test/jena/jena_000106_000019_leftImg8bit.png	gtFine/test/jena/jena_000106_000019_gtFine_labelIds.png
leftImg8bit/test/jena/jena_000060_000019_leftImg8bit.png	gtFine/test/jena/jena_000060_000019_gtFine_labelIds.png
leftImg8bit/test/jena/jena_000036_000019_leftImg8bit.png	gtFine/test/jena/jena_000036_000019_gtFine_labelIds.png
leftImg8bit/test/jena/jena_000062_000019_leftImg8bit.png	gtFine/test/jena/jena_000062_000019_gtFine_labelIds.png
leftImg8bit/test/jena/jena_000027_000019_leftImg8bit.png	gtFine/test/jena/jena_000027_000019_gtFine_labelIds.png
leftImg8bit/test/jena/jena_000118_000019_leftImg8bit.png	gtFine/test/jena/jena_000118_000019_gtFine_labelIds.png
leftImg8bit/test/zurich/zurich_000015_000019_leftImg8bit.png	gtFine/test/zurich/zurich_000015_000019_gtFine_labelIds.png
leftImg8bit/test/zurich/zurich_000095_000019_leftImg8bit.png	gtFine/test/zurich/zurich_000095_000019_gtFine_labelIds.png
leftImg8bit/test/zurich/zurich_000027_000019_leftImg8bit.png	gtFine/test/zurich/zurich_000027_000019_gtFine_labelIds.png
leftImg8bit/test/zurich/zurich_000047_000019_leftImg8bit.png	gtFine/test/zurich/zurich_000047_000019_gtFine_labelIds.png
leftImg8bit/test/zurich/zurich_000026_000019_leftImg8bit.png	gtFine/test/zurich/zurich_000026_000019_gtFine_labelIds.png
leftImg8bit/test/zurich/zurich_000022_000019_leftImg8bit.png	gtFine/test/zurich/zurich_000022_000019_gtFine_labelIds.png
leftImg8bit/test/zurich/zurich_000113_000019_leftImg8bit.png	gtFine/test/zurich/zurich_000113_000019_gtFine_labelIds.png
leftImg8bit/test/zurich/zurich_000060_000019_leftImg8bit.png	gtFine/test/zurich/zurich_000060_000019_gtFine_labelIds.png
leftImg8bit/test/zurich/zurich_000111_000019_leftImg8bit.png	gtFine/test/zurich/zurich_000111_000019_gtFine_labelIds.png
leftImg8bit/test/zurich/zurich_000051_000019_leftImg8bit.png	gtFine/test/zurich/zurich_000051_000019_gtFine_labelIds.png
leftImg8bit/test/zurich/zurich_000020_000019_leftImg8bit.png	gtFine/test/zurich/zurich_000020_000019_gtFine_labelIds.png
leftImg8bit/test/aachen/aachen_000069_000019_leftImg8bit.png	gtFine/test/aachen/aachen_000069_000019_gtFine_labelIds.png
leftImg8bit/test/aachen/aachen_000090_000019_leftImg8bit.png	gtFine/test/aachen/aachen_000090_000019_gtFine_labelIds.png
leftImg8bit/test/aachen/aachen_000006_000019_leftImg8bit.png	gtFine/test/aachen/aachen_000006_000019_gtFine_labelIds.png
leftImg8bit/test/aachen/aachen_000088_000019_leftImg8bit.png	gtFine/test/aachen/aachen_000088_000019_gtFine_labelIds.png
leftImg8bit/test/aachen/aachen_000052_000019_leftImg8bit.png	gtFine/test/aachen/aachen_000052_000019_gtFine_labelIds.png
leftImg8bit/test/aachen/aachen_000130_000019_leftImg8bit.png	gtFine/test/aachen/aachen_000130_000019_gtFine_labelIds.png
leftImg8bit/test/aachen/aachen_000105_000019_leftImg8bit.png	gtFine/test/aachen/aachen_000105_000019_gtFine_labelIds.png
leftImg8bit/test/aachen/aachen_000047_000019_leftImg8bit.png	gtFine/test/aachen/aachen_000047_000019_gtFine_labelIds.png
leftImg8bit/test/aachen/aachen_000012_000019_leftImg8bit.png	gtFine/test/aachen/aachen_000012_000019_gtFine_labelIds.png
leftImg8bit/test/aachen/aachen_000068_000019_leftImg8bit.png	gtFine/test/aachen/aachen_000068_000019_gtFine_labelIds.png
leftImg8bit/test/aachen/aachen_000065_000019_leftImg8bit.png	gtFine/test/aachen/aachen_000065_000019_gtFine_labelIds.png
leftImg8bit/test/aachen/aachen_000135_000019_leftImg8bit.png	gtFine/test/aachen/aachen_000135_000019_gtFine_labelIds.png
leftImg8bit/test/aachen/aachen_000164_000019_leftImg8bit.png	gtFine/test/aachen/aachen_000164_000019_gtFine_labelIds.png
leftImg8bit/test/aachen/aachen_000005_000019_leftImg8bit.png	gtFine/test/aachen/aachen_000005_000019_gtFine_labelIds.png
leftImg8bit/test/aachen/aachen_000110_000019_leftImg8bit.png	gtFine/test/aachen/aachen_000110_000019_gtFine_labelIds.png
leftImg8bit/test/aachen/aachen_000057_000019_leftImg8bit.png	gtFine/test/aachen/aachen_000057_000019_gtFine_labelIds.png
leftImg8bit/test/aachen/aachen_000074_000019_leftImg8bit.png	gtFine/test/aachen/aachen_000074_000019_gtFine_labelIds.png
leftImg8bit/test/aachen/aachen_000091_000019_leftImg8bit.png	gtFine/test/aachen/aachen_000091_000019_gtFine_labelIds.png
leftImg8bit/test/krefeld/krefeld_000000_019125_leftImg8bit.png	gtFine/test/krefeld/krefeld_000000_019125_gtFine_labelIds.png
leftImg8bit/test/krefeld/krefeld_000000_020624_leftImg8bit.png	gtFine/test/krefeld/krefeld_000000_020624_gtFine_labelIds.png
leftImg8bit/test/krefeld/krefeld_000000_023698_leftImg8bit.png	gtFine/test/krefeld/krefeld_000000_023698_gtFine_labelIds.png
leftImg8bit/test/krefeld/krefeld_000000_015116_leftImg8bit.png	gtFine/test/krefeld/krefeld_000000_015116_gtFine_labelIds.png
leftImg8bit/test/krefeld/krefeld_000000_014886_leftImg8bit.png	gtFine/test/krefeld/krefeld_000000_014886_gtFine_labelIds.png
leftImg8bit/test/krefeld/krefeld_000000_008239_leftImg8bit.png	gtFine/test/krefeld/krefeld_000000_008239_gtFine_labelIds.png
leftImg8bit/test/krefeld/krefeld_000000_011483_leftImg8bit.png	gtFine/test/krefeld/krefeld_000000_011483_gtFine_labelIds.png
leftImg8bit/test/krefeld/krefeld_000000_009574_leftImg8bit.png	gtFine/test/krefeld/krefeld_000000_009574_gtFine_labelIds.png
leftImg8bit/test/krefeld/krefeld_000000_005252_leftImg8bit.png	gtFine/test/krefeld/krefeld_000000_005252_gtFine_labelIds.png
leftImg8bit/test/bochum/bochum_000000_023435_leftImg8bit.png	gtFine/test/bochum/bochum_000000_023435_gtFine_labelIds.png
leftImg8bit/test/bochum/bochum_000000_024524_leftImg8bit.png	gtFine/test/bochum/bochum_000000_024524_gtFine_labelIds.png
leftImg8bit/test/bochum/bochum_000000_034936_leftImg8bit.png	gtFine/test/bochum/bochum_000000_034936_gtFine_labelIds.png
leftImg8bit/test/bochum/bochum_000000_000600_leftImg8bit.png	gtFine/test/bochum/bochum_000000_000600_gtFine_labelIds.png
leftImg8bit/test/bochum/bochum_000000_015321_leftImg8bit.png	gtFine/test/bochum/bochum_000000_015321_gtFine_labelIds.png
leftImg8bit/test/bochum/bochum_000000_015880_leftImg8bit.png	gtFine/test/bochum/bochum_000000_015880_gtFine_labelIds.png
leftImg8bit/test/bochum/bochum_000000_027057_leftImg8bit.png	gtFine/test/bochum/bochum_000000_027057_gtFine_labelIds.png
leftImg8bit/test/bochum/bochum_000000_037223_leftImg8bit.png	gtFine/test/bochum/bochum_000000_037223_gtFine_labelIds.png
leftImg8bit/test/bochum/bochum_000000_017216_leftImg8bit.png	gtFine/test/bochum/bochum_000000_017216_gtFine_labelIds.png
leftImg8bit/test/bochum/bochum_000000_011711_leftImg8bit.png	gtFine/test/bochum/bochum_000000_011711_gtFine_labelIds.png
leftImg8bit/test/bochum/bochum_000000_004748_leftImg8bit.png	gtFine/test/bochum/bochum_000000_004748_gtFine_labelIds.png
leftImg8bit/test/bochum/bochum_000000_027951_leftImg8bit.png	gtFine/test/bochum/bochum_000000_027951_gtFine_labelIds.png
leftImg8bit/test/erfurt/erfurt_000086_000019_leftImg8bit.png	gtFine/test/erfurt/erfurt_000086_000019_gtFine_labelIds.png
leftImg8bit/test/erfurt/erfurt_000048_000019_leftImg8bit.png	gtFine/test/erfurt/erfurt_000048_000019_gtFine_labelIds.png
leftImg8bit/test/erfurt/erfurt_000098_000019_leftImg8bit.png	gtFine/test/erfurt/erfurt_000098_000019_gtFine_labelIds.png
leftImg8bit/test/erfurt/erfurt_000044_000019_leftImg8bit.png	gtFine/test/erfurt/erfurt_000044_000019_gtFine_labelIds.png
leftImg8bit/test/erfurt/erfurt_000079_000019_leftImg8bit.png	gtFine/test/erfurt/erfurt_000079_000019_gtFine_labelIds.png
leftImg8bit/test/erfurt/erfurt_000008_000019_leftImg8bit.png	gtFine/test/erfurt/erfurt_000008_000019_gtFine_labelIds.png
leftImg8bit/test/erfurt/erfurt_000037_000019_leftImg8bit.png	gtFine/test/erfurt/erfurt_000037_000019_gtFine_labelIds.png
leftImg8bit/test/erfurt/erfurt_000040_000019_leftImg8bit.png	gtFine/test/erfurt/erfurt_000040_000019_gtFine_labelIds.png
leftImg8bit/test/erfurt/erfurt_000033_000019_leftImg8bit.png	gtFine/test/erfurt/erfurt_000033_000019_gtFine_labelIds.png
leftImg8bit/test/erfurt/erfurt_000046_000019_leftImg8bit.png	gtFine/test/erfurt/erfurt_000046_000019_gtFine_labelIds.png
leftImg8bit/test/erfurt/erfurt_000082_000019_leftImg8bit.png	gtFine/test/erfurt/erfurt_000082_000019_gtFine_labelIds.png
leftImg8bit/test/ulm/ulm_000010_000019_leftImg8bit.png	gtFine/test/ulm/ulm_000010_000019_gtFine_labelIds.png
leftImg8bit/test/ulm/ulm_000042_000019_leftImg8bit.png	gtFine/test/ulm/ulm_000042_000019_gtFine_labelIds.png
leftImg8bit/test/ulm/ulm_000091_000019_leftImg8bit.png	gtFine/test/ulm/ulm_000091_000019_gtFine_labelIds.png
leftImg8bit/test/ulm/ulm_000028_000019_leftImg8bit.png	gtFine/test/ulm/ulm_000028_000019_gtFine_labelIds.png
leftImg8bit/test/ulm/ulm_000054_000019_leftImg8bit.png	gtFine/test/ulm/ulm_000054_000019_gtFine_labelIds.png
leftImg8bit/test/ulm/ulm_000036_000019_leftImg8bit.png	gtFine/test/ulm/ulm_000036_000019_gtFine_labelIds.png
leftImg8bit/test/ulm/ulm_000000_000019_leftImg8bit.png	gtFine/test/ulm/ulm_000000_000019_gtFine_labelIds.png
leftImg8bit/test/ulm/ulm_000012_000019_leftImg8bit.png	gtFine/test/ulm/ulm_000012_000019_gtFine_labelIds.png
leftImg8bit/test/darmstadt/darmstadt_000050_000019_leftImg8bit.png	gtFine/test/darmstadt/darmstadt_000050_000019_gtFine_labelIds.png
leftImg8bit/test/darmstadt/darmstadt_000005_000019_leftImg8bit.png	gtFine/test/darmstadt/darmstadt_000005_000019_gtFine_labelIds.png
leftImg8bit/test/darmstadt/darmstadt_000034_000019_leftImg8bit.png	gtFine/test/darmstadt/darmstadt_000034_000019_gtFine_labelIds.png
leftImg8bit/test/darmstadt/darmstadt_000010_000019_leftImg8bit.png	gtFine/test/darmstadt/darmstadt_000010_000019_gtFine_labelIds.png
leftImg8bit/test/darmstadt/darmstadt_000084_000019_leftImg8bit.png	gtFine/test/darmstadt/darmstadt_000084_000019_gtFine_labelIds.png
leftImg8bit/test/darmstadt/darmstadt_000073_000019_leftImg8bit.png	gtFine/test/darmstadt/darmstadt_000073_000019_gtFine_labelIds.png
leftImg8bit/test/darmstadt/darmstadt_000049_000019_leftImg8bit.png	gtFine/test/darmstadt/darmstadt_000049_000019_gtFine_labelIds.png
leftImg8bit/test/darmstadt/darmstadt_000037_000019_leftImg8bit.png	gtFine/test/darmstadt/darmstadt_000037_000019_gtFine_labelIds.png
leftImg8bit/test/darmstadt/darmstadt_000023_000019_leftImg8bit.png	gtFine/test/darmstadt/darmstadt_000023_000019_gtFine_labelIds.png
leftImg8bit/test/darmstadt/darmstadt_000036_000019_leftImg8bit.png	gtFine/test/darmstadt/darmstadt_000036_000019_gtFine_labelIds.png
leftImg8bit/test/darmstadt/darmstadt_000082_000019_leftImg8bit.png	gtFine/test/darmstadt/darmstadt_000082_000019_gtFine_labelIds.png
leftImg8bit/test/darmstadt/darmstadt_000078_000019_leftImg8bit.png	gtFine/test/darmstadt/darmstadt_000078_000019_gtFine_labelIds.png
leftImg8bit/test/darmstadt/darmstadt_000080_000019_leftImg8bit.png	gtFine/test/darmstadt/darmstadt_000080_000019_gtFine_labelIds.png
leftImg8bit/test/darmstadt/darmstadt_000041_000019_leftImg8bit.png	gtFine/test/darmstadt/darmstadt_000041_000019_gtFine_labelIds.png
leftImg8bit/test/darmstadt/darmstadt_000003_000019_leftImg8bit.png	gtFine/test/darmstadt/darmstadt_000003_000019_gtFine_labelIds.png
